// Jest Snapshot v1, https://goo.gl/fbAQLP

exports[`shoudl render Expenselist with expenses 1`] = `
<div>
  <ExpenseListItem
    amount={5}
    createdAt={0}
    description="gum"
    id="1"
    key="1"
    note=""
  />
  <ExpenseListItem
    amount={2000}
    createdAt={-345600000}
    description="rent"
    id="2"
    key="2"
    note=""
  />
  <ExpenseListItem
    amount={5000}
    createdAt={345600000}
    description="credit"
    id="3"
    key="3"
    note=""
  />
</div>
`;

exports[`shoudl renderr expense list with empty message 1`] = `
<div>
  <p>
    No expenses
  </p>
</div>
`;
